// Jest Snapshot v1, https://goo.gl/fbAQLP

exports[`can render a card 1`] = `
<div
  class="card"
>
  <h3
    class="card-title"
  >
    card title
  </h3>
  <div
    class="card-description"
  >
    card description
  </div>
  <div
    class="actions"
  >
    <a
      href="#"
    >
      edit
    </a>
    <a
      href="#"
    >
      delete
    </a>
  </div>
</div>
`;
